make[1]: Entering directory '/home/ranggawbp/android_kernel_xiaomi_sdm660/out'
  GEN     ./Makefile
scripts/kconfig/conf  --silentoldconfig Kconfig
  CHK     include/config/kernel.release
  GEN     ./Makefile
  CHK     include/generated/uapi/linux/version.h
-- Baseband-guard: flask.h found, skip generation
-- Baseband-guard: CONFIG_BBG enabled, now checking...
-- Kernel Version: 4.4
-- Baseband-guard: Okay,seems this Kernel doesn't need to check config.
-- BBG was enabled!
-- BBG version: 7f3e76d2
-- BBG repo: https://github.com/RanggaWbp/android_kernel_xiaomi_sdm660.git
  Using .. as source for kernel
  CHK     include/generated/utsrelease.h
  CC      scripts/mod/empty.o
  HOSTCC  scripts/selinux/genheaders/genheaders
  HOSTCC  scripts/mod/mk_elfconfig
  CC      scripts/mod/devicetable-offsets.s
  HOSTCC  scripts/selinux/mdp/mdp
  MKELF   scripts/mod/elfconfig.h
  CHK     scripts/mod/devicetable-offsets.h
  UPD     scripts/mod/devicetable-offsets.h
  HOSTCC  scripts/mod/sumversion.o
  HOSTCC  scripts/kallsyms
-- ReSukiSU version code: 35136
-- ReSukiSU version name: v4.2.0-rc1-fa1da13f@ReSukiSU
-- Supported Unofficial Manager: MKSU, RKSU, KOWSU, SukiSU-Ultra, ReSukiSU 
-- KERNEL_VERSION: 4.4
-- KERNEL_TYPE: Non-GKI
-- ReSukiSU: using SuSFS Inline hook
-- ReSukiSU/susfs_inline: ksu_handle_setresuid found
-- ReSukiSU/susfs_inline: ksu_handle_execveat found
-- ReSukiSU/susfs_inline: WARNING: Detected KSU_MANUAL_HOOK guard in ../fs/open.c file.
-- ReSukiSU/susfs_inline: ksu_handle_faccessat found
-- ReSukiSU/susfs_inline: WARNING: Detected KSU_MANUAL_HOOK guard in ../fs/read_write.c file.
-- ReSukiSU/susfs_inline: ksu_handle_sys_read found
-- ReSukiSU/susfs_inline: ksu_handle_stat found
-- ReSukiSU/susfs_inline: WARNING: Detected KSU_MANUAL_HOOK guard in ../kernel/reboot.c file.
-- ReSukiSU/susfs_inline: ksu_handle_sys_reboot found
-- ReSukiSU/susfs_inline: WARNING: Detected KSU_MANUAL_HOOK guard in ../drivers/input/input.c file.
-- ReSukiSU/susfs_inline: ksu_handle_input_handle_event found
-- ReSukiSU/susfs_inline: WARNING: Your build maybe broken.
-- ReSukiSU/susfs_inline: - If you have any issue, please check your hook before submit an issue to ReSukiSU.

-- SUSFS_VERSION: v2.3.0
  CC      kernel/bounds.s
-- ReSukiSU/compat: seccomp_filter_count found
-- ReSukiSU/compat: file_inode() found
-- ReSukiSU/compat: ns_get_path found
-- ReSukiSU/compat: modern dentry_open found
-- ReSukiSU/compat: ext4_unregister_sysfs found
-- ReSukiSU/compat: f_op->read_iter found
-- ReSukiSU/compat: iterate_dir found
-- ReSukiSU/compat: modern static_key_interface found
-- ReSukiSU/compat: d_inode found
-- ReSukiSU/compat: inode_lock found
-- ReSukiSU/compat: modern errno file found
-- ReSukiSU/compat: overflow.h found
-- ReSukiSU/compat: modern proc ns header file found
-- ReSukiSU/compat: android spec POLICYDB_CONFIG_ANDROID_NETLINK_ROUTE found!!
  CHK     include/generated/timeconst.h
  UPD     include/generated/timeconst.h
  CHK     include/generated/bounds.h
  UPD     include/generated/bounds.h
  CC      arch/arm64/kernel/asm-offsets.s
-- ReSukiSU/compat: found security_add_hooks
  HOSTCC  scripts/mod/modpost.o
  HOSTCC  scripts/mod/file2alias.o
  CHK     include/generated/asm-offsets.h
  UPD     include/generated/asm-offsets.h
  CALL    ../scripts/checksyscalls.sh
  HOSTCC  scripts/pnmtologo
  HOSTLD  scripts/mod/modpost
  HOSTCC  scripts/sortextable
  HOSTCC  scripts/asn1_compiler
  LDS     arch/arm64/kernel/vdso/vdso.lds
  VDSOC   arch/arm64/kernel/vdso/vgettimeofday.o
  VDSOA   arch/arm64/kernel/vdso/note.o
  HOSTCC  scripts/sign-file
  VDSOA   arch/arm64/kernel/vdso/sigreturn.o
  VDSOL   arch/arm64/kernel/vdso/vdso.so.dbg
../scripts/sign-file.c: In function ‘display_openssl_errors’:
../scripts/sign-file.c:83:9: warning: ‘ERR_get_error_line’ is deprecated: Since OpenSSL 3.0 [-Wdeprecated-declarations]
   83 |         while ((e = ERR_get_error_line(&file, &line))) {
      |         ^~~~~
In file included from ../scripts/sign-file.c:27:
/usr/include/openssl/err.h:423:15: note: declared here
  423 | unsigned long ERR_get_error_line(const char **file, int *line);
      |               ^~~~~~~~~~~~~~~~~~
../scripts/sign-file.c: In function ‘drain_openssl_errors’:
../scripts/sign-file.c:96:9: warning: ‘ERR_get_error_line’ is deprecated: Since OpenSSL 3.0 [-Wdeprecated-declarations]
   96 |         while (ERR_get_error_line(&file, &line)) {}
      |         ^~~~~
/usr/include/openssl/err.h:423:15: note: declared here
  423 | unsigned long ERR_get_error_line(const char **file, int *line);
      |               ^~~~~~~~~~~~~~~~~~
../scripts/sign-file.c: In function ‘main’:
../scripts/sign-file.c:207:17: warning: ‘ENGINE_load_builtin_engines’ is deprecated: Since OpenSSL 3.0 [-Wdeprecated-declarations]
  207 |                 ENGINE_load_builtin_engines();
      |                 ^~~~~~~~~~~~~~~~~~~~~~~~~~~
In file included from ../scripts/sign-file.c:28:
/usr/include/openssl/engine.h:358:28: note: declared here
  358 | OSSL_DEPRECATEDIN_3_0 void ENGINE_load_builtin_engines(void);
      |                            ^~~~~~~~~~~~~~~~~~~~~~~~~~~
../scripts/sign-file.c:209:17: warning: ‘ENGINE_by_id’ is deprecated: Since OpenSSL 3.0 [-Wdeprecated-declarations]
  209 |                 e = ENGINE_by_id("pkcs11");
      |                 ^
/usr/include/openssl/engine.h:336:31: note: declared here
  336 | OSSL_DEPRECATEDIN_3_0 ENGINE *ENGINE_by_id(const char *id);
      |                               ^~~~~~~~~~~~
../scripts/sign-file.c:211:17: warning: ‘ENGINE_init’ is deprecated: Since OpenSSL 3.0 [-Wdeprecated-declarations]
  211 |                 if (ENGINE_init(e))
      |                 ^~
/usr/include/openssl/engine.h:620:27: note: declared here
  620 | OSSL_DEPRECATEDIN_3_0 int ENGINE_init(ENGINE *e);
      |                           ^~~~~~~~~~~
../scripts/sign-file.c:216:25: warning: ‘ENGINE_ctrl_cmd_string’ is deprecated: Since OpenSSL 3.0 [-Wdeprecated-declarations]
  216 |                         ERR(!ENGINE_ctrl_cmd_string(e, "PIN", key_pass, 0), "Set PKCS#11 PIN");
      |                         ^~~
/usr/include/openssl/engine.h:479:5: note: declared here
  479 | int ENGINE_ctrl_cmd_string(ENGINE *e, const char *cmd_name, const char *arg,
      |     ^~~~~~~~~~~~~~~~~~~~~~
  VDSOSYM include/generated/vdso-offsets.h
../scripts/sign-file.c:217:17: warning: ‘ENGINE_load_private_key’ is deprecated: Since OpenSSL 3.0 [-Wdeprecated-declarations]
  217 |                 private_key = ENGINE_load_private_key(e, private_key_name, NULL,
      |                 ^~~~~~~~~~~
/usr/include/openssl/engine.h:638:11: note: declared here
  638 | EVP_PKEY *ENGINE_load_private_key(ENGINE *e, const char *key_id,
      |           ^~~~~~~~~~~~~~~~~~~~~~~
  HOSTCC  scripts/extract-cert
../scripts/extract-cert.c: In function ‘display_openssl_errors’:
../scripts/extract-cert.c:46:9: warning: ‘ERR_get_error_line’ is deprecated: Since OpenSSL 3.0 [-Wdeprecated-declarations]
   46 |         while ((e = ERR_get_error_line(&file, &line))) {
      |         ^~~~~
In file included from ../scripts/extract-cert.c:23:
/usr/include/openssl/err.h:423:15: note: declared here
  423 | unsigned long ERR_get_error_line(const char **file, int *line);
      |               ^~~~~~~~~~~~~~~~~~
../scripts/extract-cert.c: In function ‘drain_openssl_errors’:
../scripts/extract-cert.c:59:9: warning: ‘ERR_get_error_line’ is deprecated: Since OpenSSL 3.0 [-Wdeprecated-declarations]
   59 |         while (ERR_get_error_line(&file, &line)) {}
      |         ^~~~~
/usr/include/openssl/err.h:423:15: note: declared here
  423 | unsigned long ERR_get_error_line(const char **file, int *line);
      |               ^~~~~~~~~~~~~~~~~~
../scripts/extract-cert.c: In function ‘main’:
../scripts/extract-cert.c:124:17: warning: ‘ENGINE_load_builtin_engines’ is deprecated: Since OpenSSL 3.0 [-Wdeprecated-declarations]
  124 |                 ENGINE_load_builtin_engines();
      |                 ^~~~~~~~~~~~~~~~~~~~~~~~~~~
In file included from ../scripts/extract-cert.c:24:
/usr/include/openssl/engine.h:358:28: note: declared here
  358 | OSSL_DEPRECATEDIN_3_0 void ENGINE_load_builtin_engines(void);
      |                            ^~~~~~~~~~~~~~~~~~~~~~~~~~~
../scripts/extract-cert.c:126:17: warning: ‘ENGINE_by_id’ is deprecated: Since OpenSSL 3.0 [-Wdeprecated-declarations]
  126 |                 e = ENGINE_by_id("pkcs11");
      |                 ^
/usr/include/openssl/engine.h:336:31: note: declared here
  336 | OSSL_DEPRECATEDIN_3_0 ENGINE *ENGINE_by_id(const char *id);
      |                               ^~~~~~~~~~~~
../scripts/extract-cert.c:128:17: warning: ‘ENGINE_init’ is deprecated: Since OpenSSL 3.0 [-Wdeprecated-declarations]
  128 |                 if (ENGINE_init(e))
      |                 ^~
/usr/include/openssl/engine.h:620:27: note: declared here
  620 | OSSL_DEPRECATEDIN_3_0 int ENGINE_init(ENGINE *e);
      |                           ^~~~~~~~~~~
../scripts/extract-cert.c:133:25: warning: ‘ENGINE_ctrl_cmd_string’ is deprecated: Since OpenSSL 3.0 [-Wdeprecated-declarations]
  133 |                         ERR(!ENGINE_ctrl_cmd_string(e, "PIN", key_pass, 0), "Set PKCS#11 PIN");
      |                         ^~~
/usr/include/openssl/engine.h:479:5: note: declared here
  479 | int ENGINE_ctrl_cmd_string(ENGINE *e, const char *cmd_name, const char *arg,
      |     ^~~~~~~~~~~~~~~~~~~~~~
../scripts/extract-cert.c:134:17: warning: ‘ENGINE_ctrl_cmd’ is deprecated: Since OpenSSL 3.0 [-Wdeprecated-declarations]
  134 |                 ENGINE_ctrl_cmd(e, "LOAD_CERT_CTRL", 0, &parms, NULL, 1);
      |                 ^~~~~~~~~~~~~~~
/usr/include/openssl/engine.h:450:27: note: declared here
  450 | OSSL_DEPRECATEDIN_3_0 int ENGINE_ctrl_cmd(ENGINE *e, const char *cmd_name,
      |                           ^~~~~~~~~~~~~~~
  HOSTCC  usr/gen_init_cpio
  CC      init/main.o
  CHK     include/generated/compile.h
  UPD     include/generated/compile.h
  CC      arch/arm64/kernel/debug-monitors.o
  CC      arch/arm64/mm/dma-mapping.o
  GEN     usr/initramfs_data.cpio.gz
  AS      usr/initramfs_data.o
  LD      usr/built-in.o
  LD      arch/arm64/net/built-in.o
  CC      init/do_mounts.o
  AS      arch/arm64/kernel/entry.o
  CC      arch/arm64/kernel/irq.o
  CC      arch/arm64/kernel/fpsimd.o
  CC      arch/arm64/mm/extable.o
  CC      arch/arm64/crypto/sha1-ce-glue.o
  AS      arch/arm64/kernel/entry-fpsimd.o
  CC      init/do_mounts_rd.o
  CC      arch/arm64/mm/fault.o
  CC      arch/arm64/kernel/process.o
  AS      arch/arm64/crypto/sha1-ce-core.o
  CC      arch/arm64/crypto/sha2-ce-glue.o
  CC      arch/arm64/mm/init.o
  CC      init/do_mounts_initrd.o
  AS      arch/arm64/crypto/sha2-ce-core.o
  CC      arch/arm64/crypto/ghash-ce-glue.o
  CC      arch/arm64/kernel/ptrace.o
  CC      init/do_mounts_md.o
  AS      arch/arm64/mm/cache.o
  CC      arch/arm64/mm/copypage.o
  AS      arch/arm64/crypto/ghash-ce-core.o
  CC      arch/arm64/crypto/poly-hash-ce-glue.o
  CC      arch/arm64/mm/flush.o
  AS      arch/arm64/crypto/poly-hash-ce-core.o
  CC      init/do_mounts_dm.o
  CC      arch/arm64/crypto/aes-ce-cipher.o
  CC      arch/arm64/kernel/setup.o
  CC      arch/arm64/mm/ioremap.o
  CC      init/noinitramfs.o
  CC      arch/arm64/crypto/aes-ce-ccm-glue.o
  CC      init/initramfs.o
  CC      arch/arm64/mm/mmap.o
  CC      arch/arm64/kernel/signal.o
  AS      arch/arm64/crypto/aes-ce-ccm-core.o
  CC      arch/arm64/crypto/aes-glue-ce.o
  CC      arch/arm64/mm/pgd.o
  CC      init/calibrate.o
  CC      init/init_task.o
  AS      arch/arm64/crypto/aes-ce.o
  CC      arch/arm64/mm/mmu.o
  CC      arch/arm64/kernel/sys.o
  CC      arch/arm64/crypto/aes-glue-neon.o
  CC      arch/arm64/kernel/stacktrace.o
  AS      arch/arm64/crypto/aes-neon.o
  CC      arch/arm64/crypto/crc32-arm64.o
  CC      init/version.o
  LD      arch/arm64/crypto/sha1-ce.o
  LD      arch/arm64/crypto/sha2-ce.o
  LD      arch/arm64/crypto/ghash-ce.o
  LD      arch/arm64/crypto/poly-hash-ce.o
  LD      arch/arm64/crypto/aes-ce-ccm.o
  LD      arch/arm64/crypto/aes-ce-blk.o
  LD      arch/arm64/crypto/aes-neon-blk.o
  LD      arch/arm64/crypto/built-in.o
  LD      init/mounts.o
  CC      arch/arm64/mm/context.o
  CC      arch/arm64/kernel/time.o
  LD      init/built-in.o
  CC      arch/arm64/kernel/traps.o
  CC      kernel/fork.o
  AS      arch/arm64/mm/proc.o
  CC      arch/arm64/mm/pageattr.o
  CC      certs/system_keyring.o
  CC      arch/arm64/kernel/io.o
  CC      arch/arm64/kernel/vdso.o
  LD      arch/arm64/mm/built-in.o
  CC      kernel/exec_domain.o
  EXTRACT_CERTS   ../certs/"verity.x509.pem"
Generating X.509 key generation config
###
### Now generating an X.509 key pair to be used for signing modules.
###
### If this takes a long time, you might wish to run rngd in the
### background to keep the supply of entropy topped up.  It
### needs to be run as root, and uses a hardware random
### number generator if one is available.
###
.....+++++++++++++++++++++++++++++++++++++++++++++++++++++++++++++++++*.+.........+.+...+.........+......+......+.....+....+............+........+....+..+...+.+......+........+++++++++++++++++++++++++++++++++++++++++++++++++++++++++++++++++*...........+...+...+...........................+.......+............+.....+..........+...+...........+....+.....+.+......+......+...+.........+..+..........+...+......+.........+............+...........+...+.+......+...+......+......+...+.....+.+.....+..........+...+..+.........+++++++++++++++++++++++++++++++++++++++++++++++++++++++++++++++++
........+.....+.+........+...+++++++++++++++++++++++++++++++++++++++++++++++++++++++++++++++++*...+.........+  AS      arch/arm64/kernel/hyp-stub.o
..........+......+..............+...+..........+.....+.......+........+......+................+++++++++++++++++++++++++++++++++++++++++++  CC      kernel/panic.o
++++++++++++++++++++++*.....+......+....+...+..+.+.......  CC      arch/arm64/kernel/psci.o
.....+..............+....+..+...+......+...+..........+..+.+.................+.+.....................+......+........+......+...+.+.....+.......+.....+..........+.....+.......++++++++++++++++++++++++++++++++++++++++++++++++++++  CC      mm/filemap.o
  CC      arch/arm64/kernel/cpu_ops.o
+++++++++++++
-----
###
### Key pair generated.
###
  EXTRACT_CERTS   certs/signing_key.pem
  AS      certs/system_certificates.o
  LD      certs/built-in.o
  CC      kernel/cpu.o
  CC      arch/arm64/kernel/insn.o
  CC      mm/mempool.o
../kernel/cpu.c: In function ‘notify_cpu_starting’:
../kernel/cpu.c:799:25: warning: the comparison will always evaluate as ‘true’ for the address of ‘frozen_cpus’ will never be NULL [-Waddress]
  799 |         if (frozen_cpus != NULL && cpumask_test_cpu(cpu, frozen_cpus))
      |                         ^~
../kernel/cpu.c:637:22: note: ‘frozen_cpus’ declared here
  637 | static cpumask_var_t frozen_cpus;
      |                      ^~~~~~~~~~~
  CC      arch/arm64/kernel/return_address.o
  CC      kernel/exit.o
  CC      arch/arm64/kernel/cpuinfo.o
  CC      mm/oom_kill.o
  CC      fs/open.o
  CC      arch/arm64/kernel/cpu_errata.o
  CC      arch/arm64/kernel/cpufeature.o
  CC      mm/maccess.o
  CC      fs/read_write.o
  CC      kernel/softirq.o
  CC      mm/page_alloc.o
  CC      arch/arm64/kernel/alternative.o
  CC      arch/arm64/kernel/cacheinfo.o
../mm/page_alloc.c: In function ‘mem_init_print_info’:
../mm/page_alloc.c:6055:27: warning: comparison between two arrays [-Warray-compare]
 6055 |                 if (start <= pos && pos < end && size > adj) \
      |                           ^~
../mm/page_alloc.c:6059:9: note: in expansion of macro ‘adj_init_size’
 6059 |         adj_init_size(__init_begin, __init_end, init_data_size,
      |         ^~~~~~~~~~~~~
../mm/page_alloc.c:6055:27: note: use ‘&__init_begin[0] <= &_sinittext[0]’ to compare the addresses
 6055 |                 if (start <= pos && pos < end && size > adj) \
      |                           ^~
../mm/page_alloc.c:6059:9: note: in expansion of macro ‘adj_init_size’
 6059 |         adj_init_size(__init_begin, __init_end, init_data_size,
      |         ^~~~~~~~~~~~~
../mm/page_alloc.c:6055:41: warning: comparison between two arrays [-Warray-compare]
 6055 |                 if (start <= pos && pos < end && size > adj) \
      |                                         ^
../mm/page_alloc.c:6059:9: note: in expansion of macro ‘adj_init_size’
 6059 |         adj_init_size(__init_begin, __init_end, init_data_size,
      |         ^~~~~~~~~~~~~
../mm/page_alloc.c:6055:41: note: use ‘&_sinittext[0] < &__init_end[0]’ to compare the addresses
 6055 |                 if (start <= pos && pos < end && size > adj) \
      |                                         ^
../mm/page_alloc.c:6059:9: note: in expansion of macro ‘adj_init_size’
 6059 |         adj_init_size(__init_begin, __init_end, init_data_size,
      |         ^~~~~~~~~~~~~
../mm/page_alloc.c:6055:27: warning: comparison between two arrays [-Warray-compare]
 6055 |                 if (start <= pos && pos < end && size > adj) \
      |                           ^~
../mm/page_alloc.c:6061:9: note: in expansion of macro ‘adj_init_size’
 6061 |         adj_init_size(_stext, _etext, codesize, _sinittext, init_code_size);
      |         ^~~~~~~~~~~~~
../mm/page_alloc.c:6055:27: note: use ‘&_stext[0] <= &_sinittext[0]’ to compare the addresses
 6055 |                 if (start <= pos && pos < end && size > adj) \
      |                           ^~
../mm/page_alloc.c:6061:9: note: in expansion of macro ‘adj_init_size’
 6061 |         adj_init_size(_stext, _etext, codesize, _sinittext, init_code_size);
      |         ^~~~~~~~~~~~~
../mm/page_alloc.c:6055:41: warning: comparison between two arrays [-Warray-compare]
 6055 |                 if (start <= pos && pos < end && size > adj) \
      |                                         ^
../mm/page_alloc.c:6061:9: note: in expansion of macro ‘adj_init_size’
 6061 |         adj_init_size(_stext, _etext, codesize, _sinittext, init_code_size);
      |         ^~~~~~~~~~~~~
../mm/page_alloc.c:6055:41: note: use ‘&_sinittext[0] < &_etext[0]’ to compare the addresses
 6055 |                 if (start <= pos && pos < end && size > adj) \
      |                                         ^
../mm/page_alloc.c:6061:9: note: in expansion of macro ‘adj_init_size’
 6061 |         adj_init_size(_stext, _etext, codesize, _sinittext, init_code_size);
      |         ^~~~~~~~~~~~~
../mm/page_alloc.c:6055:27: warning: comparison between two arrays [-Warray-compare]
 6055 |                 if (start <= pos && pos < end && size > adj) \
      |                           ^~
../mm/page_alloc.c:6062:9: note: in expansion of macro ‘adj_init_size’
 6062 |         adj_init_size(_sdata, _edata, datasize, __init_begin, init_data_size);
      |         ^~~~~~~~~~~~~
../mm/page_alloc.c:6055:27: note: use ‘&_sdata[0] <= &__init_begin[0]’ to compare the addresses
 6055 |                 if (start <= pos && pos < end && size > adj) \
      |                           ^~
../mm/page_alloc.c:6062:9: note: in expansion of macro ‘adj_init_size’
 6062 |         adj_init_size(_sdata, _edata, datasize, __init_begin, init_data_size);
      |         ^~~~~~~~~~~~~
../mm/page_alloc.c:6055:41: warning: comparison between two arrays [-Warray-compare]
 6055 |                 if (start <= pos && pos < end && size > adj) \
      |                                         ^
../mm/page_alloc.c:6062:9: note: in expansion of macro ‘adj_init_size’
 6062 |         adj_init_size(_sdata, _edata, datasize, __init_begin, init_data_size);
      |         ^~~~~~~~~~~~~
../mm/page_alloc.c:6055:41: note: use ‘&__init_begin[0] < &_edata[0]’ to compare the addresses
 6055 |                 if (start <= pos && pos < end && size > adj) \
      |                                         ^
../mm/page_alloc.c:6062:9: note: in expansion of macro ‘adj_init_size’
 6062 |         adj_init_size(_sdata, _edata, datasize, __init_begin, init_data_size);
      |         ^~~~~~~~~~~~~
../mm/page_alloc.c:6055:27: warning: comparison between two arrays [-Warray-compare]
 6055 |                 if (start <= pos && pos < end && size > adj) \
      |                           ^~
../mm/page_alloc.c:6063:9: note: in expansion of macro ‘adj_init_size’
 6063 |         adj_init_size(_stext, _etext, codesize, __start_rodata, rosize);
      |         ^~~~~~~~~~~~~
../mm/page_alloc.c:6055:27: note: use ‘&_stext[0] <= &__start_rodata[0]’ to compare the addresses
 6055 |                 if (start <= pos && pos < end && size > adj) \
      |                           ^~
../mm/page_alloc.c:6063:9: note: in expansion of macro ‘adj_init_size’
 6063 |         adj_init_size(_stext, _etext, codesize, __start_rodata, rosize);
      |         ^~~~~~~~~~~~~
../mm/page_alloc.c:6055:41: warning: comparison between two arrays [-Warray-compare]
 6055 |                 if (start <= pos && pos < end && size > adj) \
      |                                         ^
../mm/page_alloc.c:6063:9: note: in expansion of macro ‘adj_init_size’
 6063 |         adj_init_size(_stext, _etext, codesize, __start_rodata, rosize);
      |         ^~~~~~~~~~~~~
../mm/page_alloc.c:6055:41: note: use ‘&__start_rodata[0] < &_etext[0]’ to compare the addresses
 6055 |                 if (start <= pos && pos < end && size > adj) \
      |                                         ^
../mm/page_alloc.c:6063:9: note: in expansion of macro ‘adj_init_size’
 6063 |         adj_init_size(_stext, _etext, codesize, __start_rodata, rosize);
      |         ^~~~~~~~~~~~~
../mm/page_alloc.c:6055:27: warning: comparison between two arrays [-Warray-compare]
 6055 |                 if (start <= pos && pos < end && size > adj) \
      |                           ^~
../mm/page_alloc.c:6064:9: note: in expansion of macro ‘adj_init_size’
 6064 |         adj_init_size(_sdata, _edata, datasize, __start_rodata, rosize);
      |         ^~~~~~~~~~~~~
../mm/page_alloc.c:6055:27: note: use ‘&_sdata[0] <= &__start_rodata[0]’ to compare the addresses
 6055 |                 if (start <= pos && pos < end && size > adj) \
      |                           ^~
../mm/page_alloc.c:6064:9: note: in expansion of macro ‘adj_init_size’
 6064 |         adj_init_size(_sdata, _edata, datasize, __start_rodata, rosize);
      |         ^~~~~~~~~~~~~
../mm/page_alloc.c:6055:41: warning: comparison between two arrays [-Warray-compare]
 6055 |                 if (start <= pos && pos < end && size > adj) \
      |                                         ^
../mm/page_alloc.c:6064:9: note: in expansion of macro ‘adj_init_size’
 6064 |         adj_init_size(_sdata, _edata, datasize, __start_rodata, rosize);
      |         ^~~~~~~~~~~~~
../mm/page_alloc.c:6055:41: note: use ‘&__start_rodata[0] < &_edata[0]’ to compare the addresses
 6055 |                 if (start <= pos && pos < end && size > adj) \
      |                                         ^
../mm/page_alloc.c:6064:9: note: in expansion of macro ‘adj_init_size’
 6064 |         adj_init_size(_sdata, _edata, datasize, __start_rodata, rosize);
      |         ^~~~~~~~~~~~~
  CC      arch/arm64/kernel/smp.o
  CC      fs/file_table.o
  CC      kernel/resource.o
  CC      arch/arm64/kernel/smp_spin_table.o
  CC      fs/super.o
  CC      arch/arm64/kernel/topology.o
  CC      kernel/sysctl.o
  AS      arch/arm64/kernel/smccc-call.o
  CC      mm/page-writeback.o
  CC      arch/arm64/kernel/sys32.o
  CC      fs/char_dev.o
  CC      arch/arm64/kernel/signal32.o
  CC      fs/stat.o
  CC      kernel/sysctl_binary.o
  CC      arch/arm64/kernel/sys_compat.o
  CC      mm/readahead.o
  AS      arch/arm64/kernel/entry32.o
  AS      arch/arm64/kernel/sigreturn32.o
  AS      arch/arm64/kernel/kuser32.o
  CC      arch/arm64/kernel/arm64ksyms.o
  CC      fs/exec.o
  CC      kernel/capability.o
  CC      mm/swap.o
  CC      arch/arm64/kernel/module.o
  CC      kernel/ptrace.o
  CC      fs/pipe.o
  CC      arch/arm64/kernel/module-plts.o
  CC      mm/truncate.o
  CC      arch/arm64/kernel/perf_regs.o
  CC      arch/arm64/kernel/perf_callchain.o
  CC      kernel/user.o
  CC      fs/namei.o
  CC      arch/arm64/kernel/perf_debug.o
  CC      kernel/signal.o
  CC      mm/vmscan.o
  CC      arch/arm64/kernel/perf_trace_counters.o
  CC      arch/arm64/kernel/perf_trace_user.o
  CC      arch/arm64/kernel/hw_breakpoint.o
  AS      arch/arm64/kernel/sleep.o
  CC      arch/arm64/kernel/suspend.o
  CC      arch/arm64/kernel/cpuidle.o
  CC      arch/arm64/kernel/pci.o
  CC      fs/fcntl.o
  CC      mm/shmem.o
  CC      kernel/sys.o
  CC      arch/arm64/kernel/armv8_deprecated.o
  CC      fs/ioctl.o
  CC      arch/arm64/kernel/kaslr.o
  LD      arch/arm64/kernel/probes/built-in.o
  OBJCOPY arch/arm64/kernel/vdso/vdso.so
  AS      arch/arm64/kernel/vdso/vdso.o
  LD      arch/arm64/kernel/vdso/built-in.o
  AS      arch/arm64/kernel/head.o
  LDS     arch/arm64/kernel/vmlinux.lds
  LD      arch/arm64/kernel/built-in.o
  LD      ipc/built-in.o
  CC      kernel/kmod.o
  CC      fs/readdir.o
  CC      mm/util.o
-- Baseband-guard: flask.h found, skip generation
-- Baseband-guard: CONFIG_BBG enabled, now checking...
-- Kernel Version: 4.4
-- Baseband-guard: Okay,seems this Kernel doesn't need to check config.
-- BBG was enabled!
-- BBG version: 7f3e76d2
-- BBG repo: https://github.com/RanggaWbp/android_kernel_xiaomi_sdm660.git
  CC      security/baseband-guard/baseband_guard.o
  CC      fs/select.o
  CC      kernel/workqueue.o
  CC      mm/mmzone.o
  CC      security/baseband-guard/tracing/tracing.o
  CC      mm/vmstat.o
  CC      security/baseband-guard/blkdev_helper.o
  LD      security/baseband-guard/bbg.o
  LD      security/baseband-guard/built-in.o
  CC      security/integrity/iint.o
  CC      fs/dcache.o
  CC      security/integrity/integrity_audit.o
  CC      mm/backing-dev.o
  LD      security/integrity/integrity.o
  LD      security/integrity/built-in.o
  CC      security/keys/gc.o
  CC      kernel/pid.o
  CC      security/keys/key.o
  CC      mm/mm_init.o
  CC      mm/mmu_context.o
  CC      fs/inode.o
  CC      kernel/task_work.o
  CC      security/keys/keyring.o
  CC      mm/percpu.o
  CC      kernel/extable.o
../kernel/extable.c: In function ‘sort_main_extable’:
../kernel/extable.c:44:59: warning: comparison between two arrays [-Warray-compare]
   44 |         if (main_extable_sort_needed && __stop___ex_table > __start___ex_table) {
      |                                                           ^
../kernel/extable.c:44:59: note: use ‘&__stop___ex_table[0] > &__start___ex_table[0]’ to compare the addresses
  CC      kernel/params.o
  CC      security/keys/keyctl.o
  CC      fs/attr.o
  CC      mm/slab_common.o
  CC      kernel/kthread.o
  CC      security/keys/permission.o
  CC      fs/bad_inode.o
  CC      security/keys/process_keys.o
  CC      fs/file.o
  CC      kernel/sys_ni.o
  CC      kernel/nsproxy.o
  CC      security/keys/request_key.o
  CC      kernel/notifier.o
  CC      security/keys/request_key_auth.o
  CC      mm/compaction.o
  CC      fs/filesystems.o
  CC      kernel/ksysfs.o
  CC      security/keys/user_defined.o
  CC      kernel/cred.o
  CC      fs/namespace.o
  CC      security/keys/compat.o
  CC      security/keys/proc.o
  CC      kernel/reboot.o
  CC      security/keys/sysctl.o
  CC      security/keys/encrypted-keys/encrypted.o
  CC      mm/vmacache.o
  CC      mm/interval_tree.o
  CC      kernel/async.o
  CC      fs/seq_file.o
  CC      security/keys/encrypted-keys/ecryptfs_format.o
  CC      mm/list_lru.o
  CC      kernel/range.o
  CC      kernel/smpboot.o
  LD      security/keys/encrypted-keys/encrypted-keys.o
  LD      security/keys/encrypted-keys/built-in.o
  LD      security/keys/built-in.o
  CC      security/pfe/pfk.o
  CC      mm/workingset.o
  CC      kernel/groups.o
  CC      fs/xattr.o
  CC      security/pfe/pfk_kc.o
  CC      mm/debug.o
  CC      security/pfe/pfk_ice.o
  CC      mm/gup.o
  CC      security/pfe/pfk_ext4.o
  CC      kernel/bpf/core.o
  CC      fs/libfs.o
  CC      security/pfe/pfk_ecryptfs.o
  CC      mm/highmem.o
  LD      security/pfe/built-in.o
  GEN     security/selinux/flask.h security/selinux/av_permissions.h
  CC      security/selinux/avc.o
  CC      mm/memory.o
  CC      fs/fs-writeback.o
  LD      kernel/bpf/built-in.o
  CC      kernel/events/core.o
../fs/fs-writeback.c: In function ‘__mark_inode_dirty’:
../fs/fs-writeback.c:2107:17: error: implicit declaration of function ‘block_dump___mark_inode_dirty’ [-Werror=implicit-function-declaration]
 2107 |                 block_dump___mark_inode_dirty(inode);
      |                 ^~~~~~~~~~~~~~~~~~~~~~~~~~~~~
  CC      security/selinux/hooks.o
  CC      mm/mincore.o
cc1: some warnings being treated as errors
make[2]: *** [../scripts/Makefile.build:282: fs/fs-writeback.o] Error 1
make[1]: *** [/home/ranggawbp/android_kernel_xiaomi_sdm660/Makefile:1023: fs] Error 2
make[1]: *** Waiting for unfinished jobs....
  CC      kernel/irq/irqdesc.o
  CC      mm/mlock.o
  CC      kernel/irq/handle.o
  CC      security/selinux/selinuxfs.o
  CC      mm/mmap.o
  CC      kernel/irq/manage.o
  CC      kernel/events/ring_buffer.o
  CC      kernel/events/callchain.o
  CC      security/selinux/netlink.o
  CC      kernel/irq/spurious.o
  CC      mm/mprotect.o
  CC      kernel/events/hw_breakpoint.o
  CC      kernel/irq/resend.o
  CC      security/selinux/nlmsgtab.o
  CC      kernel/irq/chip.o
  CC      mm/mremap.o
  CC      security/selinux/netif.o
  LD      kernel/events/built-in.o
  CC      security/selinux/netnode.o
  CC      kernel/irq/dummychip.o
  CC      mm/msync.o
  CC      security/selinux/netport.o
  LD      kernel/livepatch/built-in.o
  CC      security/selinux/exports.o
  CC      mm/rmap.o
  CC      security/smack/smack_lsm.o
  CC      security/selinux/ss/ebitmap.o
  CC      kernel/irq/devres.o
  CC      kernel/irq/autoprobe.o
  CC      security/selinux/ss/hashtab.o
  CC      kernel/irq/irqdomain.o
  CC      mm/vmalloc.o
  CC      security/selinux/ss/symtab.o
  CC      security/selinux/ss/sidtab.o
  CC      security/smack/smack_access.o
  CC      kernel/irq/proc.o
  CC      security/selinux/ss/avtab.o
  CC      security/smack/smackfs.o
  CC      mm/pagewalk.o
  CC      kernel/irq/cpuhotplug.o
  CC      kernel/irq/pm.o
  CC      mm/pgtable-generic.o
  CC      security/selinux/ss/policydb.o
  CC      mm/process_vm_access.o
  CC      kernel/irq/msi.o
  CC      mm/showmem.o
  LD      security/smack/smack.o
  CC      security/selinux/ss/services.o
  LD      security/smack/built-in.o
  CC      kernel/locking/mutex.o
  CC      mm/vmpressure.o
  CC      mm/init-mm.o
  CC      kernel/locking/semaphore.o
  CC      mm/nobootmem.o
  LD      kernel/irq/built-in.o
  CC      kernel/power/qos.o
In file included from ../include/linux/preempt.h:10,
                 from ../include/linux/spinlock.h:50,
                 from ../include/linux/seqlock.h:35,
                 from ../include/linux/time.h:5,
                 from ../include/uapi/linux/timex.h:56,
                 from ../include/linux/timex.h:56,
                 from ../include/linux/sched.h:19,
                 from ../kernel/locking/semaphore.c:31:
In function ‘__list_add’,
    inlined from ‘list_add_tail’ at ../include/linux/list.h:92:2,
    inlined from ‘__down_common’ at ../kernel/locking/semaphore.c:210:2,
    inlined from ‘__down’ at ../kernel/locking/semaphore.c:238:2:
../include/linux/list.h:62:20: warning: storing the address of local variable ‘waiter’ in ‘*(struct list_head *)((char *)sem + 8).prev’ [-Wdangling-pointer=]
   62 |         next->prev = new;
      |         ~~~~~~~~~~~^~~~~
../kernel/locking/semaphore.c: In function ‘__down’:
../kernel/locking/semaphore.c:208:33: note: ‘waiter’ declared here
  208 |         struct semaphore_waiter waiter;
      |                                 ^~~~~~
../kernel/locking/semaphore.c:236:55: note: ‘sem’ declared here
  236 | static noinline void __sched __down(struct semaphore *sem)
      |                                     ~~~~~~~~~~~~~~~~~~^~~
In function ‘__list_add’,
    inlined from ‘list_add_tail’ at ../include/linux/list.h:92:2,
    inlined from ‘__down_common’ at ../kernel/locking/semaphore.c:210:2,
    inlined from ‘__down_interruptible’ at ../kernel/locking/semaphore.c:243:9:
../include/linux/list.h:62:20: warning: storing the address of local variable ‘waiter’ in ‘*(struct list_head *)((char *)sem + 8).prev’ [-Wdangling-pointer=]
   62 |         next->prev = new;
      |         ~~~~~~~~~~~^~~~~
../kernel/locking/semaphore.c: In function ‘__down_interruptible’:
../kernel/locking/semaphore.c:208:33: note: ‘waiter’ declared here
  208 |         struct semaphore_waiter waiter;
      |                                 ^~~~~~
../kernel/locking/semaphore.c:241:68: note: ‘sem’ declared here
  241 | static noinline int __sched __down_interruptible(struct semaphore *sem)
      |                                                  ~~~~~~~~~~~~~~~~~~^~~
In function ‘__list_add’,
    inlined from ‘list_add_tail’ at ../include/linux/list.h:92:2,
    inlined from ‘__down_common’ at ../kernel/locking/semaphore.c:210:2,
    inlined from ‘__down_killable’ at ../kernel/locking/semaphore.c:248:9:
../include/linux/list.h:62:20: warning: storing the address of local variable ‘waiter’ in ‘*(struct list_head *)((char *)sem + 8).prev’ [-Wdangling-pointer=]
   62 |         next->prev = new;
      |         ~~~~~~~~~~~^~~~~
../kernel/locking/semaphore.c: In function ‘__down_killable’:
../kernel/locking/semaphore.c:208:33: note: ‘waiter’ declared here
  208 |         struct semaphore_waiter waiter;
      |                                 ^~~~~~
../kernel/locking/semaphore.c:246:63: note: ‘sem’ declared here
  246 | static noinline int __sched __down_killable(struct semaphore *sem)
      |                                             ~~~~~~~~~~~~~~~~~~^~~
In function ‘__list_add’,
    inlined from ‘list_add_tail’ at ../include/linux/list.h:92:2,
    inlined from ‘__down_common’ at ../kernel/locking/semaphore.c:210:2,
    inlined from ‘__down_timeout’ at ../kernel/locking/semaphore.c:253:9:
../include/linux/list.h:62:20: warning: storing the address of local variable ‘waiter’ in ‘*(struct list_head *)((char *)sem + 8).prev’ [-Wdangling-pointer=]
   62 |         next->prev = new;
      |         ~~~~~~~~~~~^~~~~
../kernel/locking/semaphore.c: In function ‘__down_timeout’:
../kernel/locking/semaphore.c:208:33: note: ‘waiter’ declared here
  208 |         struct semaphore_waiter waiter;
      |                                 ^~~~~~
../kernel/locking/semaphore.c:251:62: note: ‘sem’ declared here
  251 | static noinline int __sched __down_timeout(struct semaphore *sem, long timeout)
      |                                            ~~~~~~~~~~~~~~~~~~^~~
  CC      kernel/locking/rwsem.o
  CC      mm/fadvise.o
  CC      security/selinux/ss/conditional.o
  CC      kernel/power/main.o
  CC      mm/madvise.o
  CC      security/selinux/ss/mls.o
  CC      kernel/locking/percpu-rwsem.o
  CC      mm/memblock.o
  CC      security/selinux/ss/status.o
  CC      kernel/locking/spinlock.o
  CC      kernel/power/process.o
  CC      security/selinux/netlabel.o
  CC      kernel/locking/osq_lock.o
  CC      mm/page_io.o
  CC      kernel/power/suspend.o
  CC      kernel/locking/lglock.o
  LD      security/selinux/selinux.o
  LD      security/selinux/built-in.o
  CC      security/commoncap.o
  CC      mm/swap_state.o
  CC      kernel/locking/rtmutex.o
  CC      mm/swapfile.o
  CC      kernel/power/autosleep.o
  CC      security/min_addr.o
  CC      kernel/locking/rwsem-xadd.o
  CC      security/security.o
  CC      kernel/power/wakelock.o
../kernel/power/wakelock.c: In function ‘pm_show_wakelocks’:
../kernel/power/wakelock.c:48:32: error: implicit declaration of function ‘sysfs_emit_at’; did you mean ‘sysfs_init’? [-Werror=implicit-function-declaration]
   48 |                         len += sysfs_emit_at(buf, len, "%s ", wl->name);
      |                                ^~~~~~~~~~~~~
      |                                sysfs_init
cc1: some warnings being treated as errors
make[3]: *** [../scripts/Makefile.build:282: kernel/power/wakelock.o] Error 1
make[2]: *** [../scripts/Makefile.build:489: kernel/power] Error 2
make[2]: *** Waiting for unfinished jobs....
  CC      security/lsm_audit.o
  CC      mm/swap_ratio.o
  LD      kernel/locking/built-in.o
make[1]: *** [/home/ranggawbp/android_kernel_xiaomi_sdm660/Makefile:1023: kernel] Error 2
  CC      mm/dmapool.o
  CC      mm/sparse.o
  CC      mm/sparse-vmemmap.o
  CC      mm/slub.o
  CC      mm/migrate.o
  LD      security/built-in.o
  CC      mm/page_isolation.o
  CC      mm/zsmalloc.o
  CC      mm/early_ioremap.o
  CC      mm/cma.o
  CC      mm/cma_debug.o
  CC      mm/frame_vector.o
  CC      mm/process_reclaim.o
  CC      mm/usercopy.o
  LD      mm/built-in.o
make[1]: Leaving directory '/home/ranggawbp/android_kernel_xiaomi_sdm660/out'
make: *** [Makefile:152: sub-make] Error 2
